// Jest Snapshot v1, https://goo.gl/fbAQLP

exports[`Snapshot For PageNotFound Component 1`] = `
<DocumentFragment>
  <div>
    <h3>
      Page Not Found
    </h3>
    <p>
      This page is not available.
    </p>
  </div>
</DocumentFragment>
`;
