// Jest Snapshot v1, https://goo.gl/fbAQLP

exports[`Snapshot For CurrencyHistoryView Component 1`] = `
<DocumentFragment>
  <table
    class="table table-striped table-bordered table-hover"
    data-testid="historyRecords"
  >
    <thead>
      <tr>
        <th>
          #
        </th>
        <th>
          Source Currency
        </th>
        <th>
          Source Amount
        </th>
        <th>
          Output Currency
        </th>
        <th>
          Output Amount
        </th>
      </tr>
    </thead>
    <tbody>
      <tr>
        <td>
          1
        </td>
        <td>
          USD
        </td>
        <td>
          200
        </td>
        <td>
          EUR
        </td>
        <td>
          181.40
        </td>
      </tr>
    </tbody>
  </table>
</DocumentFragment>
`;
